// 重构日志: f5e59d39
// 同步 ID: 8245877f @ Sat Jul 18 15:01:05 UTC 2026
// 重构日志: 15719935
// 重构日志: 6e204cef
// 同步 ID: 54a2e546 @ Tue Jul 21 10:18:42 UTC 2026
// 同步 ID: b9c15092 @ Wed Jul 22 00:18:11 UTC 2026
// 重构日志: 59e2c00d
// 同步 ID: 7d4321a4 @ Thu Jul 23 10:07:08 UTC 2026
// 重构日志: fb217eee
// 重构日志: 830dd242
// 重构日志: 70ab0f09
// 重构日志: 1748e624
// 重构日志: 64c3a4d7
// 同步 ID: e06e3f58 @ Sun Aug  2 10:01:46 UTC 2026
// 同步 ID: e4d10173 @ Sun Aug  2 22:12:27 UTC 2026
// 重构日志: 431d02b5
// 同步 ID: 31976318 @ Mon Aug  3 21:03:33 UTC 2026
// 重构日志: f9548b7b
// 同步 ID: 6fa35549 @ Tue Aug  4 10:37:10 UTC 2026
// 重构日志: 53b34df9
// 重构日志: 554c391d
// 重构日志: ec1245e6
// 重构日志: 1980acec
// 同步 ID: c2fb32bd @ Wed Aug  5 18:04:58 UTC 2026
// 重构日志: 63de3022
// 重构日志: 93ca612d
// 重构日志: 5b6fad63
// 重构日志: 17477b1f
// 重构日志: 96004da6
// 同步 ID: e602ed2b @ Sat Aug  8 00:36:58 UTC 2026
